cd: string not in pwd: ..
zel-yama@e2r9p9 minishell-42 % unset 33
zel-yama@e2r9p9 minishell-42 % unset ##$ 
unset: ##$: invalid parameter name
zel-yama@e2r9p9 minishell-42 % unset ^6 
unset: ^6: invalid parameter name
zel-yama@e2r9p9 minishell-42 % unset 5 
zel-yama@e2r9p9 minishell-42 % unset _
zel-yama@e2r9p9 minishell-42 % unset +
unset: +: invalid parameter name
zel-yama@e2r9p9 minishell-42 % unset %
unset: %: invalid parameter name
zel-yama@e2r9p9 minishell-42 % unset  
unset: not enough arguments
zel-yama@e2r9p9 minishell-42 % unset #
unset: #: invalid parameter name
zel-yama@e2r9p9 minishell-42 % unset  
unset: not enough arguments
zel-yama@e2r9p9 minishell-42 % unset #3
unset: #3: invalid parameter name
zel-yama@e2r9p9 minishell-42 % unset # 
unset: #: invalid parameter name
zel-yama@e2r9p9 minishell-42 % pwd ij
pwd: too many arguments
zel-yama@e2r9p9 minishell-42 % pwd m
pwd: too many arguments
zel-yama@e2r9p9 minishell-42 % pwd 3
pwd: too many arguments
zel-yama@e2r9p9 minishell-42 % pwd 44 44 4
pwd: too many arguments
zel-yama@e2r9p9 minishell-42 % pwd 1
pwd: too many arguments
zel-yama@e2r9p9 minishell-42 % echo $?
1
zel-yama@e2r9p9 minishell-42 % bash

The default interactive shell is now zsh.
To update your account to use zsh, please run `chsh -s /bin/zsh`.
For more details, please visit https://support.apple.com/kb/HT208050.
bash-3.2$ unset $
bash: unset: `$': not a valid identifier
bash-3.2$ unset 4
bash: unset: `4': not a valid identifier
bash-3.2$ unset 4
bash: unset: `4': not a valid identifier
bash-3.2$ unset efed
bash-3.2$ pwd i 
/mnt/homes/zel-yama/Desktop/minishell-42
bash-3.2$ pwd nn NNN 
/mnt/homes/zel-yama/Desktop/minishell-42
bash-3.2$ pwd $
/mnt/homes/zel-yama/Desktop/minishell-42
bash-3.2$ pwd # 3
/mnt/homes/zel-yama/Desktop/minishell-42
bash-3.2$ pwd $ $  4
/mnt/homes/zel-yama/Desktop/minishell-42
bash-3.2$ pwd @
/mnt/homes/zel-yama/Desktop/minishell-42
bash-3.2$ echo 5;2~
5
bash: 2~: command not found
bash-3.2$ echo 52~
52~
bash-3.2$ echo 52~ ;l 
52~
bash: l: command not found
bash-3.2$ echo 52~ 3l 
52~ 3l
bash-3.2$ echo 52~ 3l  9 9 9 ( 
bash: syntax error near unexpected token `('
bash-3.2$ bash

The default interactive shell is now zsh.
To update your account to use zsh, please run `chsh -s /bin/zsh`.
For more details, please visit https://support.apple.com/kb/HT208050.
bash-3.2$ env  i
env: i: No such file or directory
bash-3.2$ env nn
env: nn: No such file or directory
bash-3.2$ env tests
tests.c                 tests_of_minishell.txt  
bash-3.2$ env tests.c 
env: tests.c: No such file or directory
bash-3.2$ env 88 3 3 
env: 88: No such file or directory
bash-3.2$ echo $?
127