bash-3.2$ cat | ls | sleep 3
^M^M^M^M^M^M^M^M^M^M^C
bash-3.2$  //hang here 
----------------------------------
bash-3.2$ cat | ls | sleep 3 | ewasd
bash: ewasd: command not found
^M^M^M^M^M^M //hang and  there out put over bash
----------------------------------
bash-3.2$ ls | ienv | sleep 3
bash: ienv: command not found
bash-3.2$ //without that 
----------------------------------
bash-3.2$ cat file | grep "mak" | wc -l
       1
///smothing 
bash-3.2$ rev | ls
Makefile                builtins                file                    main.o                  minishell.h             parsing.o               struct.h                tools
README.md               excuting_files.c        main.c                  minishell               parsing.c               script.sh               test_piped
iam
iam
///hang in excute 


==9179== 51 (32 direct, 19 indirect) bytes in 1 blocks are definitely lost in loss record 24 of 82
==9179==    at 0x4845858: malloc (in /usr/libexec/valgrind/vgpreload_memcheck-amd64-linux.so)
==9179==    by 0x10E36E: node (in /home/zel-yama/Desktop/minishell-42/minishell)
==9179==    by 0x10BEF1: dup_list (in /home/zel-yama/Desktop/minishell-42/minishell)
==9179==    by 0x109B9D: export_without (in /home/zel-yama/Desktop/minishell-42/minishell)
==9179==    by 0x109A08: export (in /home/zel-yama/Desktop/minishell-42/minishell)
==9179==    by 0x10ACA4: excute_builtins (in /home/zel-yama/Desktop/minishell-42/minishell)
==9179==    by 0x10AF44: excute_builtins_inparent (in /home/zel-yama/Desktop/minishell-42/minishell)
==9179==    by 0x10B507: excute_command_line (in /home/zel-yama/Desktop/minishell-42/minishell)
==9179==    by 0x10B9EF: main (in /home/zel-yama/Desktop/minishell-42/minishell)